============================= test session starts ==============================
platform darwin -- Python 3.14.2, pytest-9.0.2, pluggy-1.6.0 -- /opt/homebrew/opt/python@3.14/bin/python3.14
cachedir: .pytest_cache
rootdir: /Users/jiangwei/Documents/final
configfile: pytest.ini
plugins: anyio-4.12.1, cov-7.1.0, asyncio-1.3.0
asyncio: mode=Mode.AUTO, debug=False, asyncio_default_fixture_loop_scope=None, asyncio_default_test_loop_scope=function
collecting ... collected 53 items

tests/unit/test_matching_engine.py::test_ut_001_stop_loss_trigger_long PASSED [  1%]
tests/unit/test_matching_engine.py::test_ut_002_stop_loss_trigger_short PASSED [  3%]
tests/unit/test_matching_engine.py::test_ut_003_tp1_limit_trigger_long PASSED [  5%]
tests/unit/test_matching_engine.py::test_ut_004_tp1_limit_trigger_short PASSED [  7%]
tests/unit/test_matching_engine.py::test_ut_005_order_priority_sorting PASSED [  9%]
tests/unit/test_matching_engine.py::test_ut_006_execute_fill_entry_order PASSED [ 11%]
tests/unit/test_matching_engine.py::test_ut_007_execute_fill_exit_order PASSED [ 13%]
tests/unit/test_matching_engine.py::test_ut_008_entry_order_pnl PASSED   [ 15%]
tests/unit/test_matching_engine.py::test_ut_009_exit_order_pnl PASSED    [ 16%]
tests/unit/test_matching_engine.py::test_ut_010_anti_oversell PASSED     [ 18%]
tests/unit/test_matching_engine.py::test_ut_011_cancel_related_orders PASSED [ 20%]
tests/unit/test_matching_engine.py::test_ut_012_decimal_precision PASSED [ 22%]
tests/unit/test_matching_engine.py::test_ut_013_boundary_trigger_price PASSED [ 24%]
tests/unit/test_matching_engine.py::test_ut_014_tp1_slippage_long PASSED [ 26%]
tests/unit/test_matching_engine.py::test_ut_015_tp1_slippage_short PASSED [ 28%]
tests/unit/test_matching_engine.py::test_ut_016_tp1_not_triggered PASSED [ 30%]
tests/unit/test_matching_engine.py::test_ut_017_tp1_slippage_default_rate PASSED [ 32%]
tests/unit/test_matching_engine.py::test_ut_018_filled_at_timestamp PASSED [ 33%]
tests/unit/test_matching_engine.py::test_ut_018b_filled_at_timestamp_stop_loss PASSED [ 35%]
tests/unit/test_matching_engine.py::test_ut_018c_filled_at_timestamp_tp1 PASSED [ 37%]
tests/unit/test_matching_engine.py::test_it_001_complete_trade_cycle PASSED [ 39%]
tests/unit/test_backtest_repository.py::TestRepositoryUtilityMethods::test_calculate_parameters_hash PASSED [ 41%]
tests/unit/test_backtest_repository.py::TestRepositoryUtilityMethods::test_decimal_conversion PASSED [ 43%]
tests/unit/test_backtest_repository.py::TestRepositoryUtilityMethods::test_serialize_positions_summary PASSED [ 45%]
tests/unit/test_backtest_repository.py::TestRepositoryUtilityMethods::test_deserialize_positions_summary PASSED [ 47%]
tests/unit/test_backtest_repository.py::TestRepositoryUtilityMethods::test_deserialize_empty_positions PASSED [ 49%]
tests/unit/test_backtest_repository.py::TestRepositoryUtilityMethods::test_serialize_strategy_snapshot_with_logic_tree PASSED [ 50%]
tests/unit/test_backtest_repository.py::TestRepositoryCRUD::test_save_and_get_report PASSED [ 52%]
tests/unit/test_backtest_repository.py::TestRepositoryCRUD::test_get_nonexistent_report PASSED [ 54%]
tests/unit/test_backtest_repository.py::TestRepositoryCRUD::test_get_reports_by_strategy FAILED [ 56%]
tests/unit/test_backtest_repository.py::TestRepositoryCRUD::test_get_reports_by_parameters_hash FAILED [ 58%]
tests/unit/test_backtest_repository.py::TestRepositoryCRUD::test_delete_report FAILED [ 60%]
tests/unit/test_backtest_repository.py::TestRepositoryCRUD::test_get_report_snapshot PASSED [ 62%]
tests/unit/test_backtest_repository.py::TestBacktesterIntegration::test_serialize_strategy_snapshot_for_report PASSED [ 64%]
tests/unit/test_backtest_repository.py::TestBacktesterIntegration::test_serialize_legacy_strategy_snapshot PASSED [ 66%]
tests/unit/test_backtest_repository.py::TestParametersHashClustering::test_same_parameters_produce_same_hash PASSED [ 67%]
tests/unit/test_backtest_repository.py::TestParametersHashClustering::test_different_parameters_produce_different_hashes PASSED [ 69%]
tests/unit/test_backtest_repository.py::TestPydanticRangeValidation::test_negative_total_return_is_valid PASSED [ 71%]
tests/unit/test_backtest_repository.py::TestPydanticRangeValidation::test_total_return_boundary_minimum PASSED [ 73%]
tests/unit/test_backtest_repository.py::TestPydanticRangeValidation::test_total_return_boundary_maximum PASSED [ 75%]
tests/unit/test_backtest_repository.py::TestPydanticRangeValidation::test_total_return_below_minimum_raises_error PASSED [ 77%]
tests/unit/test_backtest_repository.py::TestPydanticRangeValidation::test_total_return_above_maximum_raises_error PASSED [ 79%]
tests/unit/test_backtest_repository.py::TestPydanticRangeValidation::test_win_rate_boundary_values PASSED [ 81%]
tests/unit/test_backtest_repository.py::TestPydanticRangeValidation::test_max_drawdown_boundary_values PASSED [ 83%]
tests/unit/test_backtest_repository.py::TestNegativeReturnReportPersistence::test_negative_return_report_can_be_saved PASSED [ 84%]
tests/unit/test_backtest_repository.py::TestNegativeReturnReportPersistence::test_boundary_return_values PASSED [ 86%]
tests/unit/test_backtest_repository.py::TestMigrationLogic::test_5a_migrate_table_with_old_check_constraint PASSED [ 88%]
tests/unit/test_backtest_repository.py::TestMigrationLogic::test_5b_skip_migration_when_no_old_constraint PASSED [ 90%]
tests/unit/test_backtest_repository.py::TestMigrationLogic::test_5c_skip_migration_when_table_not_exists PASSED [ 92%]
tests/unit/test_backtester_verification.py::TestExceptionPropagation::test_save_report_exception_propagates PASSED [ 94%]
tests/unit/test_backtester_verification.py::TestExceptionPropagationIntegration::test_pms_backtest_propagates_save_report_exception PASSED [ 96%]
tests/unit/test_backtester_verification.py::TestPositionSizeZeroSkip::test_backtester_skips_signal_when_position_size_zero PASSED [ 98%]
tests/unit/test_backtester_verification.py::TestPositionSizeZeroSkip::test_backtester_skips_signal_when_position_size_negative PASSED [100%]

=================================== FAILURES ===================================
_______________ TestRepositoryCRUD.test_get_reports_by_strategy ________________
tests/unit/test_backtest_repository.py:310: in test_get_reports_by_strategy
    await self.repo.save_report(report, strategy_snapshot, symbol, timeframe)
src/infrastructure/backtest_repository.py:366: in save_report
    await self._db.execute("""
/opt/homebrew/lib/python3.14/site-packages/aiosqlite/core.py:223: in execute
    cursor = await self._execute(self._conn.execute, sql, parameters)
             ^^^^^^^^^^^^^^^^^^^^^^^^^^^^^^^^^^^^^^^^^^^^^^^^^^^^^^^^
/opt/homebrew/lib/python3.14/site-packages/aiosqlite/core.py:160: in _execute
    return await future
           ^^^^^^^^^^^^
/opt/homebrew/lib/python3.14/site-packages/aiosqlite/core.py:63: in _connection_worker_thread
    result = function()
             ^^^^^^^^^^
E   sqlite3.IntegrityError: UNIQUE constraint failed: backtest_reports.id
---------------------------- Captured stdout setup -----------------------------
[2026-04-15 10:58:32] [INFO] [src.infrastructure.backtest_repository] 回测报告仓库初始化完成：data/test_crud.db
[2026-04-15 10:58:32] [INFO] [src.infrastructure.backtest_repository] 回测报告表初始化完成
[2026-04-15 10:58:32] [INFO] [src.infrastructure.backtest_repository] [MIGRATE] backtest_reports 表无旧 CHECK 约束，跳过迁移
------------------------------ Captured log setup ------------------------------
INFO     src.infrastructure.backtest_repository:backtest_repository.py:53 回测报告仓库初始化完成：data/test_crud.db
INFO     src.infrastructure.backtest_repository:backtest_repository.py:156 回测报告表初始化完成
INFO     src.infrastructure.backtest_repository:backtest_repository.py:761 [MIGRATE] backtest_reports 表无旧 CHECK 约束，跳过迁移
____________ TestRepositoryCRUD.test_get_reports_by_parameters_hash ____________
tests/unit/test_backtest_repository.py:331: in test_get_reports_by_parameters_hash
    await self.repo.save_report(sample_pms_report, strategy_snapshot, symbol, timeframe)
src/infrastructure/backtest_repository.py:366: in save_report
    await self._db.execute("""
/opt/homebrew/lib/python3.14/site-packages/aiosqlite/core.py:223: in execute
    cursor = await self._execute(self._conn.execute, sql, parameters)
             ^^^^^^^^^^^^^^^^^^^^^^^^^^^^^^^^^^^^^^^^^^^^^^^^^^^^^^^^
/opt/homebrew/lib/python3.14/site-packages/aiosqlite/core.py:160: in _execute
    return await future
           ^^^^^^^^^^^^
/opt/homebrew/lib/python3.14/site-packages/aiosqlite/core.py:63: in _connection_worker_thread
    result = function()
             ^^^^^^^^^^
E   sqlite3.IntegrityError: UNIQUE constraint failed: backtest_reports.id
---------------------------- Captured stdout setup -----------------------------
[2026-04-15 10:58:32] [INFO] [src.infrastructure.backtest_repository] 回测报告仓库初始化完成：data/test_crud.db
[2026-04-15 10:58:32] [INFO] [src.infrastructure.backtest_repository] 回测报告表初始化完成
[2026-04-15 10:58:32] [INFO] [src.infrastructure.backtest_repository] [MIGRATE] backtest_reports 表无旧 CHECK 约束，跳过迁移
------------------------------ Captured log setup ------------------------------
INFO     src.infrastructure.backtest_repository:backtest_repository.py:53 回测报告仓库初始化完成：data/test_crud.db
INFO     src.infrastructure.backtest_repository:backtest_repository.py:156 回测报告表初始化完成
INFO     src.infrastructure.backtest_repository:backtest_repository.py:761 [MIGRATE] backtest_reports 表无旧 CHECK 约束，跳过迁移
____________________ TestRepositoryCRUD.test_delete_report _____________________
tests/unit/test_backtest_repository.py:356: in test_delete_report
    await self.repo.save_report(sample_pms_report, strategy_snapshot, symbol, timeframe)
src/infrastructure/backtest_repository.py:366: in save_report
    await self._db.execute("""
/opt/homebrew/lib/python3.14/site-packages/aiosqlite/core.py:223: in execute
    cursor = await self._execute(self._conn.execute, sql, parameters)
             ^^^^^^^^^^^^^^^^^^^^^^^^^^^^^^^^^^^^^^^^^^^^^^^^^^^^^^^^
/opt/homebrew/lib/python3.14/site-packages/aiosqlite/core.py:160: in _execute
    return await future
           ^^^^^^^^^^^^
/opt/homebrew/lib/python3.14/site-packages/aiosqlite/core.py:63: in _connection_worker_thread
    result = function()
             ^^^^^^^^^^
E   sqlite3.IntegrityError: UNIQUE constraint failed: backtest_reports.id
---------------------------- Captured stdout setup -----------------------------
[2026-04-15 10:58:32] [INFO] [src.infrastructure.backtest_repository] 回测报告仓库初始化完成：data/test_crud.db
[2026-04-15 10:58:32] [INFO] [src.infrastructure.backtest_repository] 回测报告表初始化完成
[2026-04-15 10:58:32] [INFO] [src.infrastructure.backtest_repository] [MIGRATE] backtest_reports 表无旧 CHECK 约束，跳过迁移
------------------------------ Captured log setup ------------------------------
INFO     src.infrastructure.backtest_repository:backtest_repository.py:53 回测报告仓库初始化完成：data/test_crud.db
INFO     src.infrastructure.backtest_repository:backtest_repository.py:156 回测报告表初始化完成
INFO     src.infrastructure.backtest_repository:backtest_repository.py:761 [MIGRATE] backtest_reports 表无旧 CHECK 约束，跳过迁移
=============================== warnings summary ===============================
tests/unit/test_backtest_repository.py::TestBacktesterIntegration::test_serialize_strategy_snapshot_for_report
tests/unit/test_backtester_verification.py::TestExceptionPropagationIntegration::test_pms_backtest_propagates_save_report_exception
tests/unit/test_backtester_verification.py::TestExceptionPropagationIntegration::test_pms_backtest_propagates_save_report_exception
tests/unit/test_backtester_verification.py::TestPositionSizeZeroSkip::test_backtester_skips_signal_when_position_size_zero
tests/unit/test_backtester_verification.py::TestPositionSizeZeroSkip::test_backtester_skips_signal_when_position_size_negative
  /opt/homebrew/lib/python3.14/site-packages/pydantic/main.py:250: DeprecationWarning: Strategy 'TestStrategy' 使用已废弃的 triggers/filters 字段，将自动迁移到 logic_tree。请使用 logic_tree 字段。
    validated_self = self.__pydantic_validator__.validate_python(data, self_instance=self)

-- Docs: https://docs.pytest.org/en/stable/how-to/capture-warnings.html
=========================== short test summary info ============================
FAILED tests/unit/test_backtest_repository.py::TestRepositoryCRUD::test_get_reports_by_strategy - sqlite3.IntegrityError: UNIQUE constraint failed: backtest_reports.id
FAILED tests/unit/test_backtest_repository.py::TestRepositoryCRUD::test_get_reports_by_parameters_hash - sqlite3.IntegrityError: UNIQUE constraint failed: backtest_reports.id
FAILED tests/unit/test_backtest_repository.py::TestRepositoryCRUD::test_delete_report - sqlite3.IntegrityError: UNIQUE constraint failed: backtest_reports.id
=================== 3 failed, 50 passed, 5 warnings in 1.00s ===================
